  File: /home/user1
  Size: 4096      	Blocks: 8          IO Block: 4096   directory
Device: 252,4	Inode: 302515      Links: 2
Access: (0700/drwx------)  Uid: ( 1234/   user1)   Gid: ( 1234/   user1)
Context: unconfined_u:object_r:user_home_dir_t:s0
Access: 2026-10-03 15:13:02.857205948 +0300
Modify: 2026-10-03 06:08:26.504989751 +0300
Change: 2026-10-03 06:08:26.504989751 +0300
 Birth: 2026-10-03 15:13:02.857205948 +0300
  File: cat
  Size: 36568     	Blocks: 72         IO Block: 4096   regular file
Device: 252,4	Inode: 302523      Links: 1
Access: (4755/-rwsr-xr-x)  Uid: (    0/    root)   Gid: ( 1000/     max)
Context: unconfined_u:object_r:user_home_t:s0
Access: 2026-10-03 15:34:44.498195141 +0300
Modify: 2026-10-03 15:33:21.779211346 +0300
Change: 2026-10-03 15:34:33.760197239 +0300
 Birth: 2026-10-03 15:33:21.779211346 +0300
  File: chown
  Size: 65840     	Blocks: 144        IO Block: 4096   regular file
Device: 252,4	Inode: 302526      Links: 1
Access: (0755/-rwxr-xr-x)  Uid: ( 1000/     max)   Gid: ( 1000/     max)
Context: unconfined_u:object_r:user_home_t:s0
Access: 2026-10-03 15:49:29.697021644 +0300
Modify: 2026-10-03 15:44:29.718080437 +0300
Change: 2026-10-03 15:47:13.846048269 +0300
 Birth: 2026-10-03 15:44:29.718080437 +0300
